// Jest Snapshot v1, https://goo.gl/fbAQLP

exports[`CardView renders correctly 1`] = `
<View
  accessibilityComponentType={undefined}
  accessibilityLabel={undefined}
  accessibilityTraits={undefined}
  accessible={true}
  hitSlop={undefined}
  isTVSelectable={true}
  onLayout={undefined}
  onResponderGrant={[Function]}
  onResponderMove={[Function]}
  onResponderRelease={[Function]}
  onResponderTerminate={[Function]}
  onResponderTerminationRequest={[Function]}
  onStartShouldSetResponder={[Function]}
  style={
    Object {
      "opacity": 1,
    }
  }
  testID={undefined}
  tvParallaxProperties={undefined}
>
  <View
    style={
      Array [
        Object {
          "backgroundColor": "white",
          "borderColor": "#e1e8ee",
          "borderWidth": 1,
          "margin": 15,
          "marginBottom": 0,
          "padding": 15,
          "shadowColor": "rgba(0,0,0, .2)",
          "shadowOffset": Object {
            "height": 0,
            "width": 0,
          },
          "shadowOpacity": 1,
          "shadowRadius": 1,
        },
        Object {
          "padding": 0,
        },
        Array [
          Object {
            "backgroundColor": "#FFFFFF",
            "borderColor": "#D0D1D5",
            "borderRadius": 2,
          },
          Array [],
        ],
      ]
    }
  >
    <View
      style={
        Array [
          Object {
            "backgroundColor": "transparent",
          },
          undefined,
          undefined,
        ]
      }
    >
      <View
        style={
          Object {
            "flex": 1,
          }
        }
      >
        <Image
          resizeMode="cover"
          source={
            Object {
              "uri": "http://placehold.it/300x100",
            }
          }
          style={
            Array [
              Object {
                "flex": 1,
                "height": 150,
                "width": null,
              },
              undefined,
            ]
          }
        />
        <View
          style={
            Array [
              Object {
                "padding": 10,
              },
              undefined,
            ]
          }
        >
          <View
            style={
              Array [
                Object {
                  "paddingBottom": 10,
                },
              ]
            }
          >
            <Text
              accessible={true}
              allowFontScaling={true}
              ellipsizeMode="tail"
              h1={false}
              h2={false}
              h3={true}
              h4={false}
              h5={false}
              onPress={null}
              p={false}
              style={
                Array [
                  Object {
                    "color": "#0E4EF8",
                    "fontFamily": "HelveticaNeue",
                    "fontSize": 17.5,
                    "fontWeight": "500",
                    "left": 0,
                    "lineHeight": 23,
                    "margin": 0,
                    "marginBottom": 4,
                    "right": 0,
                  },
                ]
              }
            >
              A Cake
            </Text>
            <Text
              accessible={true}
              allowFontScaling={true}
              ellipsizeMode="tail"
              h1={false}
              h2={false}
              h3={false}
              h4={false}
              h5={false}
              onPress={null}
              p={false}
              style={
                Array [
                  Object {
                    "color": "#222222",
                    "fontFamily": "HelveticaNeue",
                    "fontSize": 14,
                    "fontWeight": "500",
                    "lineHeight": 18,
                  },
                ]
              }
            />
          </View>
        </View>
      </View>
    </View>
  </View>
</View>
`;
